748288838313422294120286634350736906063837462003711