53919893334301279589334030174039261347274288845081144962207220498431