994646472819573284310764496293641680200912301594695434880927953786318994025066751066111