34175792574734561318320347298712833833643272357706444319152665725155515612490248800367393390985215