247330401473104534060502521019647190035131349101211839914063056092897225106531867170316401061243044989597671426016139339351365034306751209967546155101893167916606772148699135