14663118806259180136662417374041517307249530456151374095074022247583264770740686929584785544102209728219832068720127856678091192707621568870627853333281064765702591645685356596360602245877237133437460484214653566707676443446649642811063698998514839191551