486758718199393185905138158879335824512690987235935935807326608093389461875457077717170307853758033112728109786874163242277526577348883415260625258630454448958851339031698963528788130944217379205372661426234040935747619225706183422949563646538392323102410094045492427110428240352184713843288056815483420468520434218585272271204538740055411301034765549545706203085248854570715643472931568237323379122474462840024626282270844603561148415