6224028970568197171148872987173517393310021755514723810856203474081229457764911276038932883591731938339910375727954650685838378699853576226350893529951065215925450348195492513601747346760515934280522749240886675510228484632223374487930521905689913653143103305994147533101167871174647943252620250932255652705225310038502376484965889804219983557933788413729658704239489879640420597985805609086185817130474327537128610120363264962160693006916846418634819961701321691170227299346561727940844584791267080274404577092623305047924992624437757523035018248230725087959750363139830164525940735