3742053650892133432367999773538322459225928823527575869347258443714776254479140165467924450143929014376701328043796892084250680644651644268919891406030558009514559848402392186697349032657288467726728117428485865736692545611669179323917560467904459270003565249200768855069969069462910188335948939853235385655600614050799627402904169955617680686939217306230732743306013312855692685442723231659949822010462888578091073832552856131420378840703853686445535243055462767679945780563431553986820134725467051353840270015201262955847832589866641019681571016376279703475133297517542073557917754709550486937454822846451632280550418910946262563991699255138480187856382366661603621981981643212128456085078015