YES
capital
egi
afe
gib
gig
idc
jad
af
gie
cureburg
