YES
capital
cbf
ifj
gee
cii
fjg
eeb
dfe
bbf
cbe
eb
cureburg
