33
2C 3C 4C 5C 6C 7C 8C 9C JC QC KC AC 4D 7D 8D 9D QD KD AD 2H 4H 5H 6H TH JH QH AH 2S 3S 9S TS QS AS
