20
7C 9C QC KC AC 3D 6D JD KD 2H 8H 9H TH QH KH AH 6S 7S TS AS
