25
3C 4C 8C JC 4D 9D QD KD 4H 5H 6H 8H 9H JH QH AH 3S 6S 8S 9S TS JS QS KS AS
