21
2C 3C 5C 8C 9C KC 2D 8D 9D QD AD 5H 6H 8H QH KH 3S 6S 9S TS QS
