33
4C 5C 6C 7C 8C 9C 2D 3D 4D 5D 6D 7D 8D 9D JD QD AD 2H 3H 4H 5H 7H 8H 9H TH JH 3S 4S 5S 7S JS QS KS
