33
2C 4C 6C 7C 8C JC QC KC AC 2D 3D 4D 5D 7D 8D 9D JD KD AD 2H 3H 7H TH JH KH 2S 3S 4S 5S 6S 8S 9S TS
