31
3C 5C 6C 7C 8C QC KC 4D 5D 6D 9D TD KD 2H 3H 4H 5H 6H 7H 9H TH JH QH AH 3S 6S 7S 9S JS QS KS
