19
4C 5C 7C 8C 9C JC QC 5D 8D TD 4H 5H 6H 7H QH KH AH TS JS
