25
3C 5C 6C 9C JC 2D 5D 7D 8D 9D 4H 5H 8H JH QH KH 3S 4S 5S 7S 8S 9S TS JS KS
