32
3C 4C 9C TC JC QC 2D 4D 5D 8D JD KD AD 2H 3H 4H 5H 6H 7H 9H JH QH KH 3S 4S 5S 7S 8S JS QS KS AS
