39
3C 4C 5C 6C 7C 8C 9C TC QC KC 3D 5D 6D 7D 8D 9D JD QD KD AD 2H 3H 4H 5H 6H 7H 8H 9H KH AH 2S 4S 5S 7S 9S TS JS QS AS
