36
2C 3C 4C 5C 9C TC JC KC 3D 4D 5D 6D 7D 9D TD KD AD 2H 3H 4H 5H 6H 7H 8H 9H QH AH 3S 4S 6S 7S 8S 9S TS QS KS
