30
3C 4C 5C 6C 9C JC QC KC AC 2D 3D 4D 7D 8D 9D QD 3H 7H TH JH KH AH 2S 3S 6S 9S TS JS KS AS
