27
3C 6C JC QC KC AC 3D 6D 8D 9D QD KD 3H 6H 9H TH JH KH AH 2S 4S 5S 8S TS JS KS AS
