25
2C 4C 6C TC JC KC 2D 5D 6D 7D 8D TD QD AD 5H 7H 9H TH 2S 3S 4S 7S 8S TS KS
