44
2C 3C 6C 7C 8C 9C TC JC QC KC 2D 3D 4D 5D 6D 7D 8D 9D TD JD QD KD AD 4H 5H 6H 7H 8H 9H TH JH QH AH 3S 4S 5S 6S 7S 8S 9S TS JS QS KS
