26
6C 7C 9C TC JC QC 3D 5D 7D 8D TD JD QD AD 4H 8H 9H QH 2S 3S 4S 5S TS QS KS AS
