33
3C 4C 7C 8C 9C TC KC 2D 3D 5D 9D TD JD 2H 3H 4H 6H 7H 9H JH KH 2S 3S 5S 6S 7S 8S 9S TS JS QS KS AS
