31
3C 4C 5C 6C 8C TC JC QC AC 3D 5D 6D 7D 8D JD AD 2H 3H 4H 5H 7H 8H QH 2S 3S 4S 7S 9S TS QS KS
