36
2C 3C 5C 7C 8C 9C TC JC QC KC AC 2D 3D 4D 7D 8D TD QD KD 3H 4H 5H 8H TH QH KH 2S 3S 6S 7S 8S TS JS QS KS AS
