20
3C 4C 6C 7C 8C JC QC 3D 4D JD 2H 3H 5H 7H QH 2S 4S TS KS AS
