32
2C 3C 6C 7C JC QC AC 3D 5D 7D JD KD 2H 3H 5H 6H 7H 8H 9H TH JH QH KH AH 3S 4S 5S 7S 8S 9S TS JS
