28
5C 6C TC KC AC 2D 6D 7D 8D 9D TD QD KD AD 3H 4H 5H 8H 9H TH QH KH AH 2S 8S JS QS AS
