44
2C 3C 4C 5C 6C 7C 8C TC QC KC AC 2D 3D 4D 5D 6D 7D 8D TD JD QD KD AD 2H 3H 5H 6H 7H 8H 9H JH KH 2S 3S 4S 5S 6S 7S 8S 9S JS QS KS AS
