32
3C 4C 5C 6C 7C 8C 9C TC JC AC 5D 7D 8D 9D TD KD 2H 3H 4H 5H 6H 9H JH QH KH 4S 6S 8S 9S TS QS AS
