27
2C 4C 8C 9C QC AC 2D 4D 6D 7D 9D AD 3H 5H 6H 8H 9H TH JH AH 2S 5S 6S 8S 9S JS AS
