45
2C 4C 5C 7C 8C TC JC QC KC AC 3D 4D 5D 6D 7D 8D TD JD QD KD AD 2H 3H 4H 5H 7H 8H 9H TH JH KH AH 2S 3S 4S 5S 6S 7S 8S 9S TS JS QS KS AS
