35
2C 5C 7C 8C 9C JC KC AC 2D 4D 6D 7D 8D TD JD AD 2H 3H 8H 9H TH QH AH 2S 3S 4S 5S 6S 7S 8S 9S TS QS KS AS
