33
2C 3C 7C 8C JC QC AC 3D 4D 5D 6D 7D TD KD AD 2H 3H 5H 6H 8H 9H TH KH AH 2S 3S 5S 6S 7S 9S TS QS KS
