27
2C 6C 7C 9C AC 3D 4D 7D 8D 9D TD 2H 5H 6H 8H 9H TH QH KH 2S 3S 4S 5S 6S 9S JS KS
