23
2C 4C 8C TC QC KC 3D 4D 8D 9D TD AD 4H 9H JH AH 2S 4S 5S 7S 8S QS AS
