37
2C 3C 5C 7C 8C TC JC QC AC 2D 4D 5D 7D JD QD KD AD 3H 4H 5H 8H TH JH QH KH AH 2S 3S 4S 5S 6S 8S 9S JS QS KS AS
