32
2C 4C 5C 6C 7C QC KC AC 5D 6D 8D JD KD AD 2H 3H 4H 6H 7H 8H 9H TH JH AH 2S 3S 4S 5S 6S TS QS KS
