40
2C 4C 5C 8C 9C TC JC QC 2D 5D 6D 7D 8D 9D TD JD QD AD 2H 3H 4H 5H 6H 8H 9H TH JH QH KH AH 2S 3S 4S 6S 7S 8S TS JS QS KS
