24
2C 5C 7C TC KC 3D 4D 7D QD KD 2H 4H 5H 8H 9H JH KH AH 2S 5S 8S 9S JS QS
